// Jest Snapshot v1, https://goo.gl/fbAQLP

exports[`AlbumDetail renders the AlbumDetail view 1`] = `<br />`;
