// Jest Snapshot v1, https://goo.gl/fbAQLP

exports[`DeleteButton renders the DeleteButton component 1`] = `
<button
  onClick={undefined}
>
  Delete
</button>
`;
