// Jest Snapshot v1, https://goo.gl/fbAQLP

exports[`Wrapper renders the Wrapper component 1`] = `
<div
  className="wrapper"
>
  <button
    onClick={[Function]}
  >
    Thumbnail
  </button>
  <button
    onClick={[Function]}
  >
    List
  </button>
  <button
    onClick={[Function]}
  >
    Gallery
  </button>
  <div>
    <ul
      className="thumbnail-list"
    >
      <div
        className="thumbnail-wrapper"
      >
        <li
          className="thumbnail-li"
        >
          <img
            alt="../img/broken-glass.jpg"
            className="thumbnail"
            src="/../public/img/teainpot.jpg"
          />
        </li>
        <button
          onClick={[Function]}
        >
          Delete
        </button>
      </div>
      <div
        className="thumbnail-wrapper"
      >
        <li
          className="thumbnail-li"
        >
          <img
            alt="../img/broken-glass.jpg"
            className="thumbnail"
            src="/../public/img/tetsubin-charcoal.jpg"
          />
        </li>
        <button
          onClick={[Function]}
        >
          Delete
        </button>
      </div>
      <div
        className="thumbnail-wrapper"
      >
        <li
          className="thumbnail-li"
        >
          <img
            alt="../img/broken-glass.jpg"
            className="thumbnail"
            src="/../public/img/teapot-display.jpg"
          />
        </li>
        <button
          onClick={[Function]}
        >
          Delete
        </button>
      </div>
    </ul>
  </div>
</div>
`;
